// Jest Snapshot v1, https://goo.gl/fbAQLP

exports[`Om den avdøde Snapshot 1`] = `
<div>
  <form>
    <fieldset
      aria-invalid="false"
      class="skjemagruppe"
    >
      <h1
        class="center navds-heading navds-heading--medium"
      >
        omBarn.tittel
      </h1>
      <div
        aria-live="polite"
      />
    </fieldset>
    <fieldset
      aria-invalid="false"
      class="skjemagruppe"
    >
      <div
        class="navds-panel navds-panel--border"
      >
        <div
          class="navds-alert--inline navds-alert navds-alert--info navds-alert--medium"
        >
          <svg
            alt="info-ikon"
            aria-label="info-ikon"
            class="navds-alert__icon"
            fill="none"
            focusable="false"
            height="1em"
            role="img"
            viewBox="0 0 24 24"
            width="1em"
            xmlns="http://www.w3.org/2000/svg"
          >
            <path
              clip-rule="evenodd"
              d="M12 0c6.627 0 12 5.373 12 12s-5.373 12-12 12S0 18.627 0 12 5.373 0 12 0zM9 19v-2h2v-5H9v-2h4v7h2v2H9zm3-14a1.5 1.5 0 110 3 1.5 1.5 0 010-3z"
              fill="currentColor"
              fill-rule="evenodd"
            />
          </svg>
          <div
            class="navds-alert__wrapper navds-body-long"
          >
            <p
              class="navds-body-short navds-body-short--small"
            >
              omBarn.informasjon
            </p>
          </div>
        </div>
      </div>
      <div
        aria-live="polite"
      />
    </fieldset>
    <fieldset
      aria-invalid="false"
      class="skjemagruppe"
    >
      <div
        class="infokort-wrapper"
      >
        <div
          class="infokort"
        >
          <div
            class="infokort__header gjennomsiktig"
          >
            <img
              alt="barn"
              class="barneikon"
              src="barn1.svg"
            />
          </div>
          <div
            class="infokort__informasjonsboks"
          >
            <div
              class="informasjonsboks-innhold"
            >
              <button
                class="navds-button navds-button--primary navds-button--medium"
                type="button"
              >
                <span
                  class="navds-button__inner navds-body-short"
                >
                  knapp.leggTilBarn
                </span>
              </button>
            </div>
            <p
              class="center mute navds-body-short navds-body-short--small"
            >
              omBarn.valgfritt
            </p>
          </div>
        </div>
      </div>
      <div
        aria-live="polite"
      />
    </fieldset>
    <div
      id="gravidEllerNyligFoedt"
    >
      <fieldset
        aria-invalid="false"
        class="skjemagruppe inputPanelGruppe inline"
      >
        <legend
          class="skjemagruppe__legend"
        >
          omBarn.gravidEllerNyligFoedt
        </legend>
        <div
          class="inputPanelGruppe__inner"
        >
          <label
            class="inputPanel radioPanel"
          >
            <input
              aria-checked="false"
              aria-invalid="false"
              class="inputPanel__field"
              name="gravidEllerNyligFoedt"
              required=""
              type="radio"
              value="Ja"
            />
            <span
              class="inputPanel__label"
            >
              radiobuttons.ja
            </span>
          </label>
          <label
            class="inputPanel radioPanel"
          >
            <input
              aria-checked="false"
              aria-invalid="false"
              class="inputPanel__field"
              name="gravidEllerNyligFoedt"
              required=""
              type="radio"
              value="Nei"
            />
            <span
              class="inputPanel__label"
            >
              radiobuttons.nei
            </span>
          </label>
        </div>
        <div
          aria-live="polite"
        />
      </fieldset>
    </div>
    <fieldset
      aria-invalid="false"
      class="skjemagruppe navigasjon-footer"
    >
      <div
        class="navigasjon-rad"
      >
        <button
          class="navds-button navds-button--primary navds-button--medium"
          type="button"
        >
          <span
            class="navds-button__inner navds-body-short"
          >
            knapp.tilbake
          </span>
        </button>
        <button
          class="navds-button navds-button--primary navds-button--medium"
          type="button"
        >
          <span
            class="navds-button__inner navds-body-short"
          >
            knapp.neste
          </span>
        </button>
      </div>
      <div
        aria-live="polite"
      />
    </fieldset>
    <fieldset
      aria-invalid="false"
      class="skjemagruppe navigasjon-rad"
    >
      <button
        class="navds-button navds-button--secondary navds-button--medium"
        type="button"
      >
        <span
          class="navds-button__inner navds-body-short"
        >
          knapp.avbryt
        </span>
      </button>
      <div
        aria-live="polite"
      />
    </fieldset>
  </form>
</div>
`;
