// Jest Snapshot v1, https://goo.gl/fbAQLP

exports[`SoknadKvittering skal matche snapshot 1`] = `
<div>
  <fieldset
    class="sc-jSguLX dQQfdE"
  >
    <div
      class="sc-bdfCDU cdowFD"
    >
      <div
        class="sc-gsTDqH hAIhuv"
      >
        <img
          alt="veileder"
          class="sc-dlfmHC kUEuov"
          src="veileder.svg"
        />
      </div>
    </div>
  </fieldset>
  <fieldset
    class="sc-jSguLX dQQfdE"
  >
    <h1
      class="center navds-heading navds-heading--medium navds-typo--spacing"
    >
      soeknadKvittering.tittel
    </h1>
  </fieldset>
  <fieldset
    class="sc-jSguLX dQQfdE"
  >
    <div
      class="navds-alert navds-alert--info navds-alert--medium"
    >
      <svg
        aria-labelledby="title-r0"
        class="navds-alert__icon"
        fill="none"
        focusable="false"
        height="1em"
        role="img"
        viewBox="0 0 24 24"
        width="1em"
        xmlns="http://www.w3.org/2000/svg"
      >
        <title
          id="title-r0"
        >
          Informasjon
        </title>
        <path
          clip-rule="evenodd"
          d="M3.25 4A.75.75 0 0 1 4 3.25h16a.75.75 0 0 1 .75.75v16a.75.75 0 0 1-.75.75H4a.75.75 0 0 1-.75-.75V4ZM11 7.75a1 1 0 1 1 2 0 1 1 0 0 1-2 0Zm-1.25 3a.75.75 0 0 1 .75-.75H12a.75.75 0 0 1 .75.75v4.75h.75a.75.75 0 0 1 0 1.5h-3a.75.75 0 0 1 0-1.5h.75v-4h-.75a.75.75 0 0 1-.75-.75Z"
          fill="currentColor"
          fill-rule="evenodd"
        />
      </svg>
      <div
        class="navds-alert__wrapper navds-body-long navds-body-long--medium"
      >
        soeknadKvittering.kontakt
      </div>
    </div>
  </fieldset>
  <fieldset
    class="sc-jSguLX dQQfdE"
  >
    <h1
      class="navds-heading navds-heading--medium"
    >
      soeknadKvittering.endring.tittel
    </h1>
    <p
      class="navds-body-long navds-body-long--medium"
    >
      soeknadKvittering.endring.informasjon
    </p>
    <ul>
      <li>
        <p
          class="navds-body-short navds-body-short--medium"
        >
          soeknadKvittering.endring.endringsListe.sivilstatus
        </p>
      </li>
      <li>
        <p
          class="navds-body-short navds-body-short--medium"
        >
          soeknadKvittering.endring.endringsListe.inntekt
        </p>
      </li>
      <li>
        <p
          class="navds-body-short navds-body-short--medium"
        >
          soeknadKvittering.endring.endringsListe.bosted
        </p>
      </li>
    </ul>
    <p
      class="navds-body-long navds-body-long--medium"
    >
      soeknadKvittering.endring.rettigheter.informasjon
       
      <a
        class="navds-link navds-link--action"
        href="soeknadKvittering.endring.rettigheter.lenke.href"
      >
        soeknadKvittering.endring.rettigheter.lenke.tekst
      </a>
    </p>
  </fieldset>
  <fieldset
    class="sc-jSguLX dQQfdE"
  >
    <h1
      class="navds-heading navds-heading--medium"
    >
      soeknadKvittering.seSaken.tittel
    </h1>
    <p
      class="navds-body-long navds-body-long--medium"
    >
      soeknadKvittering.seSaken.informasjon.innhold1
       
      <a
        class="navds-link navds-link--action"
        href="soeknadKvittering.seSaken.informasjon.lenkeDittNAV.href"
      >
        soeknadKvittering.seSaken.informasjon.lenkeDittNAV.tekst
      </a>
       
      soeknadKvittering.seSaken.informasjon.innhold2
       
      <a
        class="navds-link navds-link--action"
        href="soeknadKvittering.seSaken.informasjon.lenkeDineSaker.href"
      >
        soeknadKvittering.seSaken.informasjon.lenkeDineSaker.tekst
      </a>
       
      soeknadKvittering.seSaken.informasjon.innhold3
       
    </p>
    <br />
    <p
      class="navds-body-long navds-body-long--medium"
    >
      <a
        class="navds-link navds-link--action"
        href="soeknadKvittering.seSaken.behandlingstidInfo.lenke.href"
      >
        soeknadKvittering.seSaken.behandlingstidInfo.lenke.tekst
      </a>
    </p>
  </fieldset>
  <fieldset
    class="sc-jSguLX dQQfdE"
  >
    <h1
      class="navds-heading navds-heading--medium"
    >
      soeknadKvittering.andreStoenader.tittel
    </h1>
    <p
      class="navds-body-long navds-body-long--medium"
    >
      soeknadKvittering.andreStoenader.informasjon
    </p>
    <ul>
      <li>
        <p
          class="navds-body-short navds-body-short--medium"
        >
          <a
            class="navds-link navds-link--action"
            href="soeknadKvittering.andreStoenader.stoenadListe.skolepenger.href"
          >
            soeknadKvittering.andreStoenader.stoenadListe.skolepenger.tekst
          </a>
        </p>
      </li>
      <li>
        <p
          class="navds-body-short navds-body-short--medium"
        >
          <a
            class="navds-link navds-link--action"
            href="soeknadKvittering.andreStoenader.stoenadListe.barnetilsyn.href"
          >
            soeknadKvittering.andreStoenader.stoenadListe.barnetilsyn.tekst
          </a>
        </p>
      </li>
      <li>
        <p
          class="navds-body-short navds-body-short--medium"
        >
          <a
            class="navds-link navds-link--action"
            href="soeknadKvittering.andreStoenader.stoenadListe.barnetrygd.href"
          >
            soeknadKvittering.andreStoenader.stoenadListe.barnetrygd.tekst
          </a>
        </p>
      </li>
    </ul>
    <br />
    <p
      class="navds-body-long navds-body-long--medium navds-typo--spacing"
    >
      soeknadKvittering.andreStoenader.andreInformasjon
    </p>
    <p
      class="navds-body-short navds-body-short--medium"
    >
      <a
        class="navds-link navds-link--action"
        href="soeknadKvittering.andreStoenader.stoenadListe.tillegg.href"
      >
        soeknadKvittering.andreStoenader.stoenadListe.tillegg.tekst
      </a>
    </p>
    <br />
  </fieldset>
  <fieldset
    class="sc-jSguLX dQQfdE"
  >
    <section
      class="sc-fubDmA hJileB"
    >
      <button
        class="navds-button navds-button--primary navds-button--medium"
        type="button"
      >
        <span
          class="navds-label"
        >
          soeknadKvittering.spoersmaal.knapp
        </span>
      </button>
    </section>
  </fieldset>
</div>
`;
