// Jest Snapshot v1, https://goo.gl/fbAQLP

exports[`Oppsummering Snapshot 1`] = `
<div>
  <fieldset
    aria-invalid="false"
    class="skjemagruppe"
  >
    <h1
      class="center navds-heading navds-heading--medium"
    >
      oppsummering.tittel
    </h1>
    <div
      aria-live="polite"
    />
  </fieldset>
  <fieldset
    aria-invalid="false"
    class="skjemagruppe"
  >
    <p
      class="navds-body-long"
    >
      oppsummering.beskrivelse
    </p>
    <div
      aria-live="polite"
    />
  </fieldset>
  <br />
  <fieldset
    aria-invalid="false"
    class="skjemagruppe sc-hABAzo bRVWZM"
  >
    <div
      class="sc-dmyDGi cEmFkl false"
    >
      <button
        class="navds-button navds-button--primary navds-button--medium"
        type="button"
      >
        <span
          aria-live="polite"
          class="navds-label"
        >
          knapp.tilbake
        </span>
      </button>
      <button
        class="navds-button navds-button--primary navds-button--medium"
        type="button"
      >
        <span
          aria-live="polite"
          class="navds-label"
        >
          knapp.sendSoeknad
           
        </span>
      </button>
    </div>
    <div
      aria-live="polite"
    />
  </fieldset>
  <fieldset
    aria-invalid="false"
    class="skjemagruppe sc-hLQRIN kjwTfL false"
  >
    <button
      class="navds-button navds-button--secondary navds-button--medium"
      id="avbryt-btn"
      type="button"
    >
      <span
        aria-live="polite"
        class="navds-label"
      >
        knapp.avbryt
      </span>
    </button>
    <div
      aria-live="polite"
    />
  </fieldset>
</div>
`;
