// Jest Snapshot v1, https://goo.gl/fbAQLP

exports[`Om deg og avdød Snapshot 1`] = `
<div>
  <div
    class="sc-hIPCAL BqZfI"
  >
    <h1
      class="center navds-heading navds-heading--medium"
    >
      omDeg.tittel
    </h1>
  </div>
  <form>
    <fieldset
      class="sc-beySbM kuevld"
    >
      <fieldset
        class="sc-beySbM kuevld"
      >
        <div>
          <div
            class="skjemaelement"
          >
            <label
              class="skjemaelement__label"
              for="alternativAdresse"
            >
              omDeg.alternativAdresse
            </label>
            <input
              aria-invalid="false"
              class="skjemaelement__input input--fullbredde"
              id="alternativAdresse"
              required=""
              type="text"
              value=""
            />
          </div>
        </div>
      </fieldset>
      <fieldset
        class="sc-beySbM kuevld"
      >
        <div
          class="navds-grid"
        >
          <div
            class="navds-grid__cell navds-grid__cell--xs-12 navds-grid__cell--md-6 kol"
          >
            <div
              class="skjemaelement"
            >
              <label
                class="skjemaelement__label"
                for="kontaktinfo.telefonnummer"
              >
                omDeg.kontaktinfo.telefonnummer
              </label>
              <input
                aria-invalid="false"
                class="skjemaelement__input input--s"
                id="kontaktinfo.telefonnummer"
                required=""
                type="text"
                value=""
              />
            </div>
          </div>
        </div>
      </fieldset>
    </fieldset>
    <fieldset
      class="sc-beySbM kuevld"
    >
      <div
        id="oppholderSegINorge"
      >
        <fieldset
          aria-describedby="123"
          aria-invalid="false"
          class="skjemagruppe inputPanelGruppe sc-hLQRIN djQiEp"
        >
          <legend
            class="skjemagruppe__legend"
          >
            omDeg.oppholderSegINorge
          </legend>
          <div
            class="skjemagruppe__description"
            id="123"
          >
            <div>
              <button
                aria-expanded="false"
                class="sc-eDLJxc epqjyz navds-button navds-button--primary navds-button--medium"
                data-testid="hvorforPanel_toggle"
                type="button"
              >
                <span
                  aria-live="polite"
                  class="navds-label"
                >
                  <span>
                    hvorforSpoerVi
                  </span>
                  <span>
                    <svg
                      fill="none"
                      focusable="false"
                      height="1em"
                      role="img"
                      viewBox="0 0 24 24"
                      width="1em"
                      xmlns="http://www.w3.org/2000/svg"
                    >
                      <path
                        clip-rule="evenodd"
                        d="M12 17.414 4.293 9.707l1.414-1.414L12 14.586l6.293-6.293 1.414 1.414L12 17.414Z"
                        fill="currentColor"
                        fill-rule="evenodd"
                      />
                    </svg>
                  </span>
                </span>
              </button>
            </div>
          </div>
          <div
            class="inputPanelGruppe__inner"
          >
            <label
              class="inputPanel radioPanel"
              for="123"
            >
              <input
                aria-checked="false"
                aria-errormessage="123"
                aria-invalid="false"
                class="inputPanel__field"
                id="123"
                name="oppholderSegINorge"
                required=""
                type="radio"
                value="radiobuttons.ja"
              />
              <span
                class="inputPanel__label"
              >
                radiobuttons.ja
              </span>
            </label>
            <label
              class="inputPanel radioPanel inputPanel--checked"
              for="123"
            >
              <input
                aria-checked="true"
                aria-errormessage="123"
                aria-invalid="false"
                class="inputPanel__field"
                id="123"
                name="oppholderSegINorge"
                required=""
                type="radio"
                value="radiobuttons.nei"
              />
              <span
                class="inputPanel__label"
              >
                radiobuttons.nei
              </span>
            </label>
          </div>
          <div
            aria-live="polite"
            id="123"
          />
        </fieldset>
      </div>
      <fieldset
        class="sc-beySbM kuevld"
      >
        <div
          id="oppholdsland"
        >
          <div
            class="skjemaelement kol-50"
          >
            <label
              class="skjemaelement__label"
              for="123"
            >
              omDeg.oppholdsland
            </label>
            <div
              class="selectContainer input--l"
            >
              <select
                aria-invalid="false"
                class="skjemaelement__input"
                id="123"
              >
                <option
                  value=""
                >
                  felles.velgLand
                </option>
              </select>
            </div>
          </div>
        </div>
      </fieldset>
      <div
        id="utbetalingsInformasjon.bankkontoType"
      >
        <fieldset
          aria-invalid="false"
          class="skjemagruppe inputPanelGruppe sc-hLQRIN djQiEp"
        >
          <legend
            class="skjemagruppe__legend"
          >
            omDeg.utbetalingsInformasjon.bankkontoType
          </legend>
          <div
            class="inputPanelGruppe__inner"
          >
            <label
              class="inputPanel radioPanel"
              for="123"
            >
              <input
                aria-checked="false"
                aria-errormessage="123"
                aria-invalid="false"
                class="inputPanel__field"
                id="123"
                name="utbetalingsInformasjon.bankkontoType"
                type="radio"
                value="bankkontoType.norsk"
              />
              <span
                class="inputPanel__label"
              >
                bankkontoType.norsk
              </span>
            </label>
            <label
              class="inputPanel radioPanel inputPanel--checked"
              for="123"
            >
              <input
                aria-checked="true"
                aria-errormessage="123"
                aria-invalid="false"
                class="inputPanel__field"
                id="123"
                name="utbetalingsInformasjon.bankkontoType"
                type="radio"
                value="bankkontoType.utenlandsk"
              />
              <span
                class="inputPanel__label"
              >
                bankkontoType.utenlandsk
              </span>
            </label>
          </div>
          <div
            aria-live="polite"
            id="123"
          />
        </fieldset>
      </div>
      <div
        class="sc-hIPCAL BqZfI"
      >
        <h1
          class="navds-heading navds-heading--small"
        >
          omDeg.utbetalingsInformasjon.tittel
        </h1>
      </div>
      <div
        class="sc-hIPCAL BqZfI"
      >
        <div>
          <div
            class="skjemaelement"
          >
            <label
              class="skjemaelement__label"
              for="utbetalingsInformasjon.utenlandskBankNavn"
            >
              omDeg.utbetalingsInformasjon.utenlandskBankNavn
            </label>
            <input
              aria-invalid="false"
              class="skjemaelement__input input--fullbredde"
              id="utbetalingsInformasjon.utenlandskBankNavn"
              required=""
              type="text"
              value=""
            />
          </div>
        </div>
      </div>
      <div
        class="sc-hIPCAL BqZfI"
      >
        <div>
          <div
            class="skjemaelement"
          >
            <label
              class="skjemaelement__label"
              for="utbetalingsInformasjon.utenlandskBankAdresse"
            >
              omDeg.utbetalingsInformasjon.utenlandskBankAdresse
            </label>
            <input
              aria-invalid="false"
              class="skjemaelement__input input--fullbredde"
              id="utbetalingsInformasjon.utenlandskBankAdresse"
              required=""
              type="text"
              value=""
            />
          </div>
        </div>
      </div>
      <div
        class="sc-hIPCAL BqZfI"
      >
        <div
          class="skjemaelement"
        >
          <label
            class="skjemaelement__label"
            for="utbetalingsInformasjon.iban"
          >
            <div
              class="sc-dmXXqC SZYyH"
            >
              omDeg.utbetalingsInformasjon.iban
               
              <div
                class="navds-help-text"
              >
                <button
                  aria-expanded="false"
                  class="navds-help-text__button"
                  type="button"
                >
                  <svg
                    aria-labelledby="title-aksel-icon-2"
                    class="navds-help-text__icon"
                    fill="none"
                    focusable="false"
                    height="1em"
                    role="img"
                    viewBox="0 0 24 24"
                    width="1em"
                    xmlns="http://www.w3.org/2000/svg"
                  >
                    <title
                      id="title-aksel-icon-2"
                    >
                      hjelp
                    </title>
                    <path
                      clip-rule="evenodd"
                      d="M12 0c6.627 0 12 5.373 12 12s-5.373 12-12 12S0 18.627 0 12 5.373 0 12 0Zm0 2C6.477 2 2 6.477 2 12s4.477 10 10 10 10-4.477 10-10S17.523 2 12 2Zm0 14a1.5 1.5 0 1 1 0 3 1.5 1.5 0 0 1 0-3Zm0-11c2.205 0 4 1.657 4 3.693 0 .986-.416 1.914-1.172 2.612l-.593.54-.294.28c-.477.466-.869.94-.936 1.417l-.01.144v.814h-1.991v-.814c0-1.254.84-2.214 1.675-3.002l.74-.68c.38-.35.59-.816.59-1.31 0-1.024-.901-1.856-2.01-1.856-1.054 0-1.922.755-2.002 1.71l-.006.145H8C8 6.657 9.794 5 12 5Z"
                      fill="currentColor"
                      fill-rule="evenodd"
                    />
                  </svg>
                  <svg
                    aria-labelledby="title-aksel-icon-3"
                    class="navds-help-text__icon navds-help-text__icon--filled"
                    fill="none"
                    focusable="false"
                    height="1em"
                    role="img"
                    viewBox="0 0 24 24"
                    width="1em"
                    xmlns="http://www.w3.org/2000/svg"
                  >
                    <title
                      id="title-aksel-icon-3"
                    >
                      hjelp
                    </title>
                    <path
                      clip-rule="evenodd"
                      d="M12 0c6.627 0 12 5.373 12 12s-5.373 12-12 12S0 18.627 0 12 5.373 0 12 0Zm0 16a1.5 1.5 0 1 1 0 3 1.5 1.5 0 0 1 0-3Zm0-11c2.205 0 4 1.657 4 3.693 0 .986-.416 1.914-1.172 2.612l-.593.54-.294.28c-.477.466-.869.94-.936 1.417l-.01.144v.814h-1.991v-.814c0-1.254.84-2.214 1.675-3.002l.74-.68c.38-.35.59-.816.59-1.31 0-1.024-.901-1.856-2.01-1.856-1.054 0-1.922.755-2.002 1.71l-.006.145H8C8 6.657 9.794 5 12 5Z"
                      fill="currentColor"
                      fill-rule="evenodd"
                    />
                  </svg>
                </button>
                <div
                  aria-hidden="true"
                  class="navds-popover navds-help-text__popover navds-popover--hidden"
                  data-placement="top"
                  style="position: absolute; top: 0px; left: 0px;"
                  tabindex="-1"
                >
                  <div
                    class="navds-popover__content navds-body-short"
                  >
                    omDeg.utbetalingsInformasjon.ibanHjelpetekst
                  </div>
                  <div
                    class="navds-popover__arrow"
                    style="bottom: -0.5rem;"
                  />
                </div>
              </div>
            </div>
          </label>
          <input
            aria-invalid="false"
            class="skjemaelement__input input--xl"
            id="utbetalingsInformasjon.iban"
            required=""
            type="text"
            value=""
          />
        </div>
      </div>
      <div
        class="sc-hIPCAL BqZfI"
      >
        <div
          class="skjemaelement"
        >
          <label
            class="skjemaelement__label"
            for="utbetalingsInformasjon.swift"
          >
            <div
              class="sc-dmXXqC SZYyH"
            >
              omDeg.utbetalingsInformasjon.swift
               
              <div
                class="navds-help-text"
              >
                <button
                  aria-expanded="false"
                  class="navds-help-text__button"
                  type="button"
                >
                  <svg
                    aria-labelledby="title-aksel-icon-4"
                    class="navds-help-text__icon"
                    fill="none"
                    focusable="false"
                    height="1em"
                    role="img"
                    viewBox="0 0 24 24"
                    width="1em"
                    xmlns="http://www.w3.org/2000/svg"
                  >
                    <title
                      id="title-aksel-icon-4"
                    >
                      hjelp
                    </title>
                    <path
                      clip-rule="evenodd"
                      d="M12 0c6.627 0 12 5.373 12 12s-5.373 12-12 12S0 18.627 0 12 5.373 0 12 0Zm0 2C6.477 2 2 6.477 2 12s4.477 10 10 10 10-4.477 10-10S17.523 2 12 2Zm0 14a1.5 1.5 0 1 1 0 3 1.5 1.5 0 0 1 0-3Zm0-11c2.205 0 4 1.657 4 3.693 0 .986-.416 1.914-1.172 2.612l-.593.54-.294.28c-.477.466-.869.94-.936 1.417l-.01.144v.814h-1.991v-.814c0-1.254.84-2.214 1.675-3.002l.74-.68c.38-.35.59-.816.59-1.31 0-1.024-.901-1.856-2.01-1.856-1.054 0-1.922.755-2.002 1.71l-.006.145H8C8 6.657 9.794 5 12 5Z"
                      fill="currentColor"
                      fill-rule="evenodd"
                    />
                  </svg>
                  <svg
                    aria-labelledby="title-aksel-icon-5"
                    class="navds-help-text__icon navds-help-text__icon--filled"
                    fill="none"
                    focusable="false"
                    height="1em"
                    role="img"
                    viewBox="0 0 24 24"
                    width="1em"
                    xmlns="http://www.w3.org/2000/svg"
                  >
                    <title
                      id="title-aksel-icon-5"
                    >
                      hjelp
                    </title>
                    <path
                      clip-rule="evenodd"
                      d="M12 0c6.627 0 12 5.373 12 12s-5.373 12-12 12S0 18.627 0 12 5.373 0 12 0Zm0 16a1.5 1.5 0 1 1 0 3 1.5 1.5 0 0 1 0-3Zm0-11c2.205 0 4 1.657 4 3.693 0 .986-.416 1.914-1.172 2.612l-.593.54-.294.28c-.477.466-.869.94-.936 1.417l-.01.144v.814h-1.991v-.814c0-1.254.84-2.214 1.675-3.002l.74-.68c.38-.35.59-.816.59-1.31 0-1.024-.901-1.856-2.01-1.856-1.054 0-1.922.755-2.002 1.71l-.006.145H8C8 6.657 9.794 5 12 5Z"
                      fill="currentColor"
                      fill-rule="evenodd"
                    />
                  </svg>
                </button>
                <div
                  aria-hidden="true"
                  class="navds-popover navds-help-text__popover navds-popover--hidden"
                  data-placement="top"
                  style="position: absolute; top: 0px; left: 0px;"
                  tabindex="-1"
                >
                  <div
                    class="navds-popover__content navds-body-short"
                  >
                    omDeg.utbetalingsInformasjon.swiftHjelpetekst
                  </div>
                  <div
                    class="navds-popover__arrow"
                    style="bottom: -0.5rem;"
                  />
                </div>
              </div>
            </div>
          </label>
          <input
            aria-invalid="false"
            class="skjemaelement__input input--m"
            id="utbetalingsInformasjon.swift"
            required=""
            type="text"
            value=""
          />
        </div>
      </div>
    </fieldset>
    <br />
    <fieldset
      class="sc-beySbM kuevld"
    >
      <div
        class="sc-gLLvby idHBWd undefined"
      >
        <button
          class="navds-button navds-button--primary navds-button--medium"
          type="button"
        >
          <span
            aria-live="polite"
            class="navds-label"
          >
            knapp.neste
          </span>
        </button>
      </div>
    </fieldset>
    <div
      class="sc-gLLvby sc-iBdmCd idHBWd fZbhsy"
    >
      <button
        class="navds-button navds-button--secondary navds-button--medium"
        id="avbryt-btn"
        type="button"
      >
        <span
          aria-live="polite"
          class="navds-label"
        >
          knapp.avbryt
        </span>
      </button>
    </div>
  </form>
</div>
`;
