// Jest Snapshot v1, https://goo.gl/fbAQLP

exports[`Om den avdøde Snapshot 1`] = `
<div>
  <div
    class="sc-ktwOfi jNsszC"
  >
    <h1
      class="center navds-heading navds-heading--medium"
    >
      omDenAvdoede.tittel
    </h1>
  </div>
  <form
    autocomplete="off"
  >
    <fieldset
      class="sc-beySPh hBKmDL"
    >
      <div
        class="navds-hgrid"
        style="--__ac-hgrid-align: start; --__ac-hgrid-gap-xs: var(--a-spacing-4); --__ac-hgrid-columns-xs: repeat(1, minmax(0, 1fr)); --__ac-hgrid-columns-sm: repeat(2, minmax(0, 1fr));"
      >
        <div>
          <div
            class="navds-form-field navds-form-field--medium"
          >
            <label
              class="navds-form-field__label navds-label"
              for="fornavn"
            >
              omDenAvdoede.fornavn
            </label>
            <input
              class="navds-text-field__input navds-body-short navds-body-short--medium"
              id="fornavn"
              type="text"
              value=""
            />
            <div
              aria-live="polite"
              aria-relevant="additions removals"
              class="navds-form-field__error"
              id="textField-error-r0"
            />
          </div>
        </div>
        <div>
          <div
            class="navds-form-field navds-form-field--medium"
          >
            <label
              class="navds-form-field__label navds-label"
              for="etternavn"
            >
              omDenAvdoede.etternavn
            </label>
            <input
              class="navds-text-field__input navds-body-short navds-body-short--medium"
              id="etternavn"
              type="text"
              value=""
            />
            <div
              aria-live="polite"
              aria-relevant="additions removals"
              class="navds-form-field__error"
              id="textField-error-r1"
            />
          </div>
        </div>
        <div
          class="navds-form-field navds-form-field--medium"
        >
          <label
            class="navds-form-field__label navds-label"
            for="foedselsnummer"
          >
            omDenAvdoede.foedselsnummer
          </label>
          <input
            class="navds-text-field__input navds-body-short navds-body-short--medium"
            id="foedselsnummer"
            type="tel"
            value=""
          />
          <div
            aria-live="polite"
            aria-relevant="additions removals"
            class="navds-form-field__error"
            id="textField-error-r2"
          />
        </div>
        <div
          class="sc-brSamD lmjuMH"
          id="statsborgerskap"
        >
          <div
            class="navds-form-field navds-form-field--medium"
          >
            <label
              class="navds-form-field__label navds-label"
              for="select-r3"
            >
              omDenAvdoede.statsborgerskap
            </label>
            <div
              class="navds-select__container"
            >
              <select
                class="navds-select__input navds-body-short navds-body-short--medium"
                id="select-r3"
              >
                <option
                  value=""
                >
                  felles.velgLand
                </option>
              </select>
              <svg
                aria-hidden="true"
                class="navds-select__chevron"
                fill="none"
                focusable="false"
                height="1em"
                role="img"
                viewBox="0 0 24 24"
                width="1em"
                xmlns="http://www.w3.org/2000/svg"
              >
                <path
                  clip-rule="evenodd"
                  d="M5.97 9.47a.75.75 0 0 1 1.06 0L12 14.44l4.97-4.97a.75.75 0 1 1 1.06 1.06l-5.5 5.5a.75.75 0 0 1-1.06 0l-5.5-5.5a.75.75 0 0 1 0-1.06Z"
                  fill="currentColor"
                  fill-rule="evenodd"
                />
              </svg>
            </div>
            <div
              aria-live="polite"
              aria-relevant="additions removals"
              class="navds-form-field__error"
              id="select-error-r3"
            />
          </div>
        </div>
      </div>
      <div
        class="sc-ktwOfi jNsszC"
      >
        <section
          class="sc-csKJxZ dSMkTl"
        >
          <div
            class="navds-date__wrapper"
          >
            <div
              class="navds-form-field navds-form-field--medium navds-date__field"
            >
              <label
                class="navds-form-field__label navds-label"
                for="datoForDoedsfallet"
              >
                omDenAvdoede.datoForDoedsfallet
              </label>
              <div
                class="navds-form-field__description navds-body-short navds-body-short--medium"
                id="datepicker-input-description-r6"
              >
                felles.oppgiDato felles.datoformat
              </div>
              <div
                class="navds-date__field-wrapper"
              >
                <input
                  aria-describedby="datepicker-input-description-r6"
                  autocomplete="off"
                  class="navds-date__field-input navds-text-field__input navds-body-short navds-body-short--medium"
                  id="datoForDoedsfallet"
                  size="11"
                  value=""
                />
                <button
                  class="navds-date__field-button"
                  tabindex="0"
                  type="button"
                >
                  <svg
                    aria-labelledby="title-r7"
                    fill="none"
                    focusable="false"
                    height="1em"
                    pointer-events="none"
                    role="img"
                    viewBox="0 0 24 24"
                    width="1em"
                    xmlns="http://www.w3.org/2000/svg"
                  >
                    <title
                      id="title-r7"
                    >
                      Åpne datovelger
                    </title>
                    <path
                      clip-rule="evenodd"
                      d="M9 2.25a.75.75 0 0 1 .75.75v1.25h4.5V3a.75.75 0 0 1 1.5 0v1.25h3.75c.69 0 1.25.56 1.25 1.25v13c0 .69-.56 1.25-1.25 1.25h-15c-.69 0-1.25-.56-1.25-1.25v-13c0-.69.56-1.25 1.25-1.25h3.75V3A.75.75 0 0 1 9 2.25ZM15.75 7a.75.75 0 0 1-1.5 0V5.75h-4.5V7a.75.75 0 0 1-1.5 0V5.75h-3.5v3.5h14.5v-3.5h-3.5V7Zm-11 11.25v-7.5h14.5v7.5H4.75Zm2-5.25a.75.75 0 0 1 .75-.75h1a.75.75 0 0 1 0 1.5h-1a.75.75 0 0 1-.75-.75Zm4 0a.75.75 0 0 1 .75-.75h1a.75.75 0 0 1 0 1.5h-1a.75.75 0 0 1-.75-.75Zm4.75-.75a.75.75 0 0 0 0 1.5h1a.75.75 0 0 0 0-1.5h-1ZM10.75 16a.75.75 0 0 1 .75-.75h1a.75.75 0 0 1 0 1.5h-1a.75.75 0 0 1-.75-.75Zm4.75-.75a.75.75 0 0 0 0 1.5h1a.75.75 0 0 0 0-1.5h-1ZM6.75 16a.75.75 0 0 1 .75-.75h1a.75.75 0 0 1 0 1.5h-1a.75.75 0 0 1-.75-.75Z"
                      fill="currentColor"
                      fill-rule="evenodd"
                    />
                  </svg>
                </button>
              </div>
              <div
                aria-live="polite"
                aria-relevant="additions removals"
                class="navds-form-field__error"
                id="datepicker-input-error-r6"
              />
            </div>
            <div
              aria-hidden="true"
              class="navds-popover navds-date__popover navds-popover--hidden"
              data-placement="bottom-start"
              id="r5"
              role="dialog"
              style="position: absolute; top: 0px; left: 0px;"
            >
              <div
                class="rdp navds-date"
              >
                <div
                  class="rdp-months"
                >
                  <div
                    class="rdp-month rdp-caption_start rdp-caption_end"
                  >
                    <div
                      class="navds-date__caption"
                    >
                      <span
                        aria-atomic="true"
                        aria-live="polite"
                        class="navds-sr-only"
                        id="react-day-picker-1"
                      >
                        januar 2024
                      </span>
                      <button
                        class="navds-date__caption-button navds-button navds-button--tertiary navds-button--medium navds-button--icon-only"
                        type="button"
                      >
                        <span
                          class="navds-button__icon"
                        >
                          <svg
                            aria-labelledby="title-r9"
                            fill="none"
                            focusable="false"
                            height="1em"
                            role="img"
                            viewBox="0 0 24 24"
                            width="1em"
                            xmlns="http://www.w3.org/2000/svg"
                          >
                            <title
                              id="title-r9"
                            >
                              Gå til forrige måned
                            </title>
                            <path
                              d="M4.47 11.47a.75.75 0 0 0 0 1.06l4.5 4.5a.75.75 0 0 0 1.06-1.06l-3.22-3.22H19a.75.75 0 0 0 0-1.5H6.81l3.22-3.22a.75.75 0 1 0-1.06-1.06l-4.5 4.5Z"
                              fill="currentColor"
                            />
                          </svg>
                        </span>
                      </button>
                      <div
                        class="navds-date__caption"
                      >
                        <div
                          class="navds-date__caption__month navds-form-field navds-form-field--medium"
                        >
                          <label
                            class="navds-form-field__label navds-sr-only navds-label"
                            for="select-ra"
                          >
                            Måned
                          </label>
                          <div
                            class="navds-select__container"
                          >
                            <select
                              class="navds-select__input navds-body-short navds-body-short--medium"
                              id="select-ra"
                            >
                              <option
                                value="0"
                              >
                                januar
                              </option>
                              <option
                                value="1"
                              >
                                februar
                              </option>
                              <option
                                value="2"
                              >
                                mars
                              </option>
                              <option
                                value="3"
                              >
                                april
                              </option>
                              <option
                                value="4"
                              >
                                mai
                              </option>
                              <option
                                value="5"
                              >
                                juni
                              </option>
                              <option
                                value="6"
                              >
                                juli
                              </option>
                              <option
                                value="7"
                              >
                                august
                              </option>
                              <option
                                value="8"
                              >
                                september
                              </option>
                              <option
                                value="9"
                              >
                                oktober
                              </option>
                              <option
                                value="10"
                              >
                                november
                              </option>
                              <option
                                value="11"
                              >
                                desember
                              </option>
                            </select>
                            <svg
                              aria-hidden="true"
                              class="navds-select__chevron"
                              fill="none"
                              focusable="false"
                              height="1em"
                              role="img"
                              viewBox="0 0 24 24"
                              width="1em"
                              xmlns="http://www.w3.org/2000/svg"
                            >
                              <path
                                clip-rule="evenodd"
                                d="M5.97 9.47a.75.75 0 0 1 1.06 0L12 14.44l4.97-4.97a.75.75 0 1 1 1.06 1.06l-5.5 5.5a.75.75 0 0 1-1.06 0l-5.5-5.5a.75.75 0 0 1 0-1.06Z"
                                fill="currentColor"
                                fill-rule="evenodd"
                              />
                            </svg>
                          </div>
                          <div
                            aria-live="polite"
                            aria-relevant="additions removals"
                            class="navds-form-field__error"
                            id="select-error-ra"
                          />
                        </div>
                        <div
                          class="navds-date__caption__year navds-form-field navds-form-field--medium"
                        >
                          <label
                            class="navds-form-field__label navds-sr-only navds-label"
                            for="select-rc"
                          >
                            År
                          </label>
                          <div
                            class="navds-select__container"
                          >
                            <select
                              class="navds-select__input navds-body-short navds-body-short--medium"
                              id="select-rc"
                            >
                              <option
                                value="2015"
                              >
                                2015
                              </option>
                              <option
                                value="2016"
                              >
                                2016
                              </option>
                              <option
                                value="2017"
                              >
                                2017
                              </option>
                              <option
                                value="2018"
                              >
                                2018
                              </option>
                              <option
                                value="2019"
                              >
                                2019
                              </option>
                              <option
                                value="2020"
                              >
                                2020
                              </option>
                              <option
                                value="2021"
                              >
                                2021
                              </option>
                              <option
                                value="2022"
                              >
                                2022
                              </option>
                              <option
                                value="2023"
                              >
                                2023
                              </option>
                              <option
                                value="2024"
                              >
                                2024
                              </option>
                              <option
                                value="2025"
                              >
                                2025
                              </option>
                            </select>
                            <svg
                              aria-hidden="true"
                              class="navds-select__chevron"
                              fill="none"
                              focusable="false"
                              height="1em"
                              role="img"
                              viewBox="0 0 24 24"
                              width="1em"
                              xmlns="http://www.w3.org/2000/svg"
                            >
                              <path
                                clip-rule="evenodd"
                                d="M5.97 9.47a.75.75 0 0 1 1.06 0L12 14.44l4.97-4.97a.75.75 0 1 1 1.06 1.06l-5.5 5.5a.75.75 0 0 1-1.06 0l-5.5-5.5a.75.75 0 0 1 0-1.06Z"
                                fill="currentColor"
                                fill-rule="evenodd"
                              />
                            </svg>
                          </div>
                          <div
                            aria-live="polite"
                            aria-relevant="additions removals"
                            class="navds-form-field__error"
                            id="select-error-rc"
                          />
                        </div>
                      </div>
                      <button
                        class="navds-date__caption-button navds-button navds-button--tertiary navds-button--medium navds-button--icon-only"
                        type="button"
                      >
                        <span
                          class="navds-button__icon"
                        >
                          <svg
                            aria-labelledby="title-re"
                            fill="none"
                            focusable="false"
                            height="1em"
                            role="img"
                            viewBox="0 0 24 24"
                            width="1em"
                            xmlns="http://www.w3.org/2000/svg"
                          >
                            <title
                              id="title-re"
                            >
                              Gå til neste måned
                            </title>
                            <path
                              d="M14.087 6.874a.752.752 0 0 0-.117 1.156l3.22 3.22H5a.75.75 0 0 0 0 1.5h12.19l-3.22 3.22a.75.75 0 0 0 1.06 1.06l4.5-4.5a.75.75 0 0 0 0-1.06l-4.5-4.5a.75.75 0 0 0-.943-.096Z"
                              fill="currentColor"
                            />
                          </svg>
                        </span>
                      </button>
                    </div>
                    <table
                      aria-labelledby="react-day-picker-1"
                      class="rdp-table"
                      role="grid"
                    >
                      <thead
                        aria-hidden="true"
                        class="rdp-head"
                      >
                        <tr
                          class="rdp-head_row"
                        >
                          <th
                            aria-label="mandag"
                            class="rdp-head_cell"
                            scope="col"
                          >
                            ma
                          </th>
                          <th
                            aria-label="tirsdag"
                            class="rdp-head_cell"
                            scope="col"
                          >
                            ti
                          </th>
                          <th
                            aria-label="onsdag"
                            class="rdp-head_cell"
                            scope="col"
                          >
                            on
                          </th>
                          <th
                            aria-label="torsdag"
                            class="rdp-head_cell"
                            scope="col"
                          >
                            to
                          </th>
                          <th
                            aria-label="fredag"
                            class="rdp-head_cell"
                            scope="col"
                          >
                            fr
                          </th>
                          <th
                            aria-label="lørdag"
                            class="rdp-head_cell"
                            scope="col"
                          >
                            lø
                          </th>
                          <th
                            aria-label="søndag"
                            class="rdp-head_cell"
                            scope="col"
                          >
                            sø
                          </th>
                        </tr>
                      </thead>
                      <tbody
                        class="rdp-tbody"
                      >
                        <tr
                          class="rdp-row"
                        >
                          <td
                            class="rdp-cell"
                          >
                            <button
                              aria-label="1. januar (mandag)"
                              class="rdp-button_reset rdp-button rdp-day rdp-day_today"
                              name="day"
                              tabindex="0"
                              type="button"
                            >
                              1
                            </button>
                          </td>
                          <td
                            class="rdp-cell"
                          >
                            <button
                              aria-label="2. januar (tirsdag)"
                              class="rdp-button_reset rdp-button rdp-day"
                              name="day"
                              tabindex="-1"
                              type="button"
                            >
                              2
                            </button>
                          </td>
                          <td
                            class="rdp-cell"
                          >
                            <button
                              aria-label="3. januar (onsdag)"
                              class="rdp-button_reset rdp-button rdp-day"
                              name="day"
                              tabindex="-1"
                              type="button"
                            >
                              3
                            </button>
                          </td>
                          <td
                            class="rdp-cell"
                          >
                            <button
                              aria-label="4. januar (torsdag)"
                              class="rdp-button_reset rdp-button rdp-day"
                              name="day"
                              tabindex="-1"
                              type="button"
                            >
                              4
                            </button>
                          </td>
                          <td
                            class="rdp-cell"
                          >
                            <button
                              aria-label="5. januar (fredag)"
                              class="rdp-button_reset rdp-button rdp-day"
                              name="day"
                              tabindex="-1"
                              type="button"
                            >
                              5
                            </button>
                          </td>
                          <td
                            class="rdp-cell"
                          >
                            <button
                              aria-label="6. januar (lørdag)"
                              class="rdp-button_reset rdp-button rdp-day"
                              name="day"
                              tabindex="-1"
                              type="button"
                            >
                              6
                            </button>
                          </td>
                          <td
                            class="rdp-cell"
                          >
                            <button
                              aria-label="7. januar (søndag)"
                              class="rdp-button_reset rdp-button rdp-day"
                              name="day"
                              tabindex="-1"
                              type="button"
                            >
                              7
                            </button>
                          </td>
                        </tr>
                        <tr
                          class="rdp-row"
                        >
                          <td
                            class="rdp-cell"
                          >
                            <button
                              aria-label="8. januar (mandag)"
                              class="rdp-button_reset rdp-button rdp-day"
                              name="day"
                              tabindex="-1"
                              type="button"
                            >
                              8
                            </button>
                          </td>
                          <td
                            class="rdp-cell"
                          >
                            <button
                              aria-label="9. januar (tirsdag)"
                              class="rdp-button_reset rdp-button rdp-day"
                              name="day"
                              tabindex="-1"
                              type="button"
                            >
                              9
                            </button>
                          </td>
                          <td
                            class="rdp-cell"
                          >
                            <button
                              aria-label="10. januar (onsdag)"
                              class="rdp-button_reset rdp-button rdp-day"
                              name="day"
                              tabindex="-1"
                              type="button"
                            >
                              10
                            </button>
                          </td>
                          <td
                            class="rdp-cell"
                          >
                            <button
                              aria-label="11. januar (torsdag)"
                              class="rdp-button_reset rdp-button rdp-day"
                              name="day"
                              tabindex="-1"
                              type="button"
                            >
                              11
                            </button>
                          </td>
                          <td
                            class="rdp-cell"
                          >
                            <button
                              aria-label="12. januar (fredag)"
                              class="rdp-button_reset rdp-button rdp-day"
                              name="day"
                              tabindex="-1"
                              type="button"
                            >
                              12
                            </button>
                          </td>
                          <td
                            class="rdp-cell"
                          >
                            <button
                              aria-label="13. januar (lørdag)"
                              class="rdp-button_reset rdp-button rdp-day"
                              name="day"
                              tabindex="-1"
                              type="button"
                            >
                              13
                            </button>
                          </td>
                          <td
                            class="rdp-cell"
                          >
                            <button
                              aria-label="14. januar (søndag)"
                              class="rdp-button_reset rdp-button rdp-day"
                              name="day"
                              tabindex="-1"
                              type="button"
                            >
                              14
                            </button>
                          </td>
                        </tr>
                        <tr
                          class="rdp-row"
                        >
                          <td
                            class="rdp-cell"
                          >
                            <button
                              aria-label="15. januar (mandag)"
                              class="rdp-button_reset rdp-button rdp-day"
                              name="day"
                              tabindex="-1"
                              type="button"
                            >
                              15
                            </button>
                          </td>
                          <td
                            class="rdp-cell"
                          >
                            <button
                              aria-label="16. januar (tirsdag)"
                              class="rdp-button_reset rdp-button rdp-day"
                              name="day"
                              tabindex="-1"
                              type="button"
                            >
                              16
                            </button>
                          </td>
                          <td
                            class="rdp-cell"
                          >
                            <button
                              aria-label="17. januar (onsdag)"
                              class="rdp-button_reset rdp-button rdp-day"
                              name="day"
                              tabindex="-1"
                              type="button"
                            >
                              17
                            </button>
                          </td>
                          <td
                            class="rdp-cell"
                          >
                            <button
                              aria-label="18. januar (torsdag)"
                              class="rdp-button_reset rdp-button rdp-day"
                              name="day"
                              tabindex="-1"
                              type="button"
                            >
                              18
                            </button>
                          </td>
                          <td
                            class="rdp-cell"
                          >
                            <button
                              aria-label="19. januar (fredag)"
                              class="rdp-button_reset rdp-button rdp-day"
                              name="day"
                              tabindex="-1"
                              type="button"
                            >
                              19
                            </button>
                          </td>
                          <td
                            class="rdp-cell"
                          >
                            <button
                              aria-label="20. januar (lørdag)"
                              class="rdp-button_reset rdp-button rdp-day"
                              name="day"
                              tabindex="-1"
                              type="button"
                            >
                              20
                            </button>
                          </td>
                          <td
                            class="rdp-cell"
                          >
                            <button
                              aria-label="21. januar (søndag)"
                              class="rdp-button_reset rdp-button rdp-day"
                              name="day"
                              tabindex="-1"
                              type="button"
                            >
                              21
                            </button>
                          </td>
                        </tr>
                        <tr
                          class="rdp-row"
                        >
                          <td
                            class="rdp-cell"
                          >
                            <button
                              aria-label="22. januar (mandag)"
                              class="rdp-button_reset rdp-button rdp-day"
                              name="day"
                              tabindex="-1"
                              type="button"
                            >
                              22
                            </button>
                          </td>
                          <td
                            class="rdp-cell"
                          >
                            <button
                              aria-label="23. januar (tirsdag)"
                              class="rdp-button_reset rdp-button rdp-day"
                              name="day"
                              tabindex="-1"
                              type="button"
                            >
                              23
                            </button>
                          </td>
                          <td
                            class="rdp-cell"
                          >
                            <button
                              aria-label="24. januar (onsdag)"
                              class="rdp-button_reset rdp-button rdp-day"
                              name="day"
                              tabindex="-1"
                              type="button"
                            >
                              24
                            </button>
                          </td>
                          <td
                            class="rdp-cell"
                          >
                            <button
                              aria-label="25. januar (torsdag)"
                              class="rdp-button_reset rdp-button rdp-day"
                              name="day"
                              tabindex="-1"
                              type="button"
                            >
                              25
                            </button>
                          </td>
                          <td
                            class="rdp-cell"
                          >
                            <button
                              aria-label="26. januar (fredag)"
                              class="rdp-button_reset rdp-button rdp-day"
                              name="day"
                              tabindex="-1"
                              type="button"
                            >
                              26
                            </button>
                          </td>
                          <td
                            class="rdp-cell"
                          >
                            <button
                              aria-label="27. januar (lørdag)"
                              class="rdp-button_reset rdp-button rdp-day"
                              name="day"
                              tabindex="-1"
                              type="button"
                            >
                              27
                            </button>
                          </td>
                          <td
                            class="rdp-cell"
                          >
                            <button
                              aria-label="28. januar (søndag)"
                              class="rdp-button_reset rdp-button rdp-day"
                              name="day"
                              tabindex="-1"
                              type="button"
                            >
                              28
                            </button>
                          </td>
                        </tr>
                        <tr
                          class="rdp-row"
                        >
                          <td
                            class="rdp-cell"
                          >
                            <button
                              aria-label="29. januar (mandag)"
                              class="rdp-button_reset rdp-button rdp-day"
                              name="day"
                              tabindex="-1"
                              type="button"
                            >
                              29
                            </button>
                          </td>
                          <td
                            class="rdp-cell"
                          >
                            <button
                              aria-label="30. januar (tirsdag)"
                              class="rdp-button_reset rdp-button rdp-day"
                              name="day"
                              tabindex="-1"
                              type="button"
                            >
                              30
                            </button>
                          </td>
                          <td
                            class="rdp-cell"
                          >
                            <button
                              aria-label="31. januar (onsdag)"
                              class="rdp-button_reset rdp-button rdp-day"
                              name="day"
                              tabindex="-1"
                              type="button"
                            >
                              31
                            </button>
                          </td>
                          <td
                            class="rdp-cell"
                          >
                            <button
                              aria-label="1. februar (torsdag)"
                              class="rdp-button_reset rdp-button rdp-day rdp-day_outside"
                              name="day"
                              tabindex="-1"
                              type="button"
                            >
                              1
                            </button>
                          </td>
                          <td
                            class="rdp-cell"
                          >
                            <button
                              aria-label="2. februar (fredag)"
                              class="rdp-button_reset rdp-button rdp-day rdp-day_outside"
                              name="day"
                              tabindex="-1"
                              type="button"
                            >
                              2
                            </button>
                          </td>
                          <td
                            class="rdp-cell"
                          >
                            <button
                              aria-label="3. februar (lørdag)"
                              class="rdp-button_reset rdp-button rdp-day rdp-day_outside"
                              name="day"
                              tabindex="-1"
                              type="button"
                            >
                              3
                            </button>
                          </td>
                          <td
                            class="rdp-cell"
                          >
                            <button
                              aria-label="4. februar (søndag)"
                              class="rdp-button_reset rdp-button rdp-day rdp-day_outside"
                              name="day"
                              tabindex="-1"
                              type="button"
                            >
                              4
                            </button>
                          </td>
                        </tr>
                        <tr
                          class="rdp-row"
                        >
                          <td
                            class="rdp-cell"
                          >
                            <button
                              aria-label="5. februar (mandag)"
                              class="rdp-button_reset rdp-button rdp-day rdp-day_outside"
                              name="day"
                              tabindex="-1"
                              type="button"
                            >
                              5
                            </button>
                          </td>
                          <td
                            class="rdp-cell"
                          >
                            <button
                              aria-label="6. februar (tirsdag)"
                              class="rdp-button_reset rdp-button rdp-day rdp-day_outside"
                              name="day"
                              tabindex="-1"
                              type="button"
                            >
                              6
                            </button>
                          </td>
                          <td
                            class="rdp-cell"
                          >
                            <button
                              aria-label="7. februar (onsdag)"
                              class="rdp-button_reset rdp-button rdp-day rdp-day_outside"
                              name="day"
                              tabindex="-1"
                              type="button"
                            >
                              7
                            </button>
                          </td>
                          <td
                            class="rdp-cell"
                          >
                            <button
                              aria-label="8. februar (torsdag)"
                              class="rdp-button_reset rdp-button rdp-day rdp-day_outside"
                              name="day"
                              tabindex="-1"
                              type="button"
                            >
                              8
                            </button>
                          </td>
                          <td
                            class="rdp-cell"
                          >
                            <button
                              aria-label="9. februar (fredag)"
                              class="rdp-button_reset rdp-button rdp-day rdp-day_outside"
                              name="day"
                              tabindex="-1"
                              type="button"
                            >
                              9
                            </button>
                          </td>
                          <td
                            class="rdp-cell"
                          >
                            <button
                              aria-label="10. februar (lørdag)"
                              class="rdp-button_reset rdp-button rdp-day rdp-day_outside"
                              name="day"
                              tabindex="-1"
                              type="button"
                            >
                              10
                            </button>
                          </td>
                          <td
                            class="rdp-cell"
                          >
                            <button
                              aria-label="11. februar (søndag)"
                              class="rdp-button_reset rdp-button rdp-day rdp-day_outside"
                              name="day"
                              tabindex="-1"
                              type="button"
                            >
                              11
                            </button>
                          </td>
                        </tr>
                      </tbody>
                    </table>
                  </div>
                </div>
              </div>
            </div>
          </div>
        </section>
        <br />
      </div>
      <div
        class="sc-ktwOfi jNsszC"
      >
        <div
          id="doedsfallAarsak"
        >
          <fieldset
            aria-describedby="fieldset-description-rh"
            class="navds-radio-group navds-radio-group--medium navds-fieldset navds-fieldset--medium"
          >
            <legend
              class="navds-fieldset__legend navds-label"
            >
              omDenAvdoede.doedsfallAarsak
            </legend>
            <div
              class="navds-fieldset__description navds-body-short navds-body-short--medium"
              id="fieldset-description-rh"
            >
              omDenAvdoede.doedsfallAarsakHvorfor
            </div>
            <div
              class="navds-radio-buttons"
            >
              <div
                class="radioBorder navds-radio navds-radio--medium"
              >
                <input
                  class="navds-radio__input"
                  id="radio-ri"
                  name="doedsfallAarsak"
                  type="radio"
                  value="radiobuttons.ja"
                />
                <label
                  class="navds-radio__label"
                  for="radio-ri"
                >
                  <span
                    class="navds-radio__content"
                  >
                    <span
                      class="navds-body-short navds-body-short--medium"
                    >
                      radiobuttons.ja
                    </span>
                  </span>
                </label>
              </div>
              <div
                class="radioBorder navds-radio navds-radio--medium"
              >
                <input
                  class="navds-radio__input"
                  id="radio-rj"
                  name="doedsfallAarsak"
                  type="radio"
                  value="radiobuttons.nei"
                />
                <label
                  class="navds-radio__label"
                  for="radio-rj"
                >
                  <span
                    class="navds-radio__content"
                  >
                    <span
                      class="navds-body-short navds-body-short--medium"
                    >
                      radiobuttons.nei
                    </span>
                  </span>
                </label>
              </div>
              <div
                class="radioBorder navds-radio navds-radio--medium"
              >
                <input
                  class="navds-radio__input"
                  id="radio-rk"
                  name="doedsfallAarsak"
                  type="radio"
                  value="radiobuttons.vetIkke"
                />
                <label
                  class="navds-radio__label"
                  for="radio-rk"
                >
                  <span
                    class="navds-radio__content"
                  >
                    <span
                      class="navds-body-short navds-body-short--medium"
                    >
                      radiobuttons.vetIkke
                    </span>
                  </span>
                </label>
              </div>
            </div>
            <div
              aria-live="polite"
              aria-relevant="additions removals"
              class="navds-fieldset__error"
              id="fieldset-error-rh"
            />
          </fieldset>
        </div>
      </div>
    </fieldset>
    <fieldset
      class="sc-beySPh hBKmDL"
    >
      <h1
        class="navds-heading navds-heading--small"
      >
        omDenAvdoede.boddEllerJobbetUtland.tittel
      </h1>
      <p
        class="navds-body-long navds-body-long--medium"
      >
        omDenAvdoede.boddEllerJobbetUtland.ingress
      </p>
      <div
        class="sc-ktwOfi jNsszC"
      >
        <div
          id="boddEllerJobbetUtland.svar"
        >
          <fieldset
            class="navds-radio-group navds-radio-group--medium navds-fieldset navds-fieldset--medium"
          >
            <legend
              class="navds-fieldset__legend navds-label"
            >
              omDenAvdoede.boddEllerJobbetUtland.svar
            </legend>
            <div
              class="navds-radio-buttons"
            >
              <div
                class="radioBorder navds-radio navds-radio--medium"
              >
                <input
                  class="navds-radio__input"
                  id="radio-rn"
                  name="boddEllerJobbetUtland.svar"
                  type="radio"
                  value="radiobuttons.ja"
                />
                <label
                  class="navds-radio__label"
                  for="radio-rn"
                >
                  <span
                    class="navds-radio__content"
                  >
                    <span
                      class="navds-body-short navds-body-short--medium"
                    >
                      radiobuttons.ja
                    </span>
                  </span>
                </label>
              </div>
              <div
                class="radioBorder navds-radio navds-radio--medium"
              >
                <input
                  class="navds-radio__input"
                  id="radio-ro"
                  name="boddEllerJobbetUtland.svar"
                  type="radio"
                  value="radiobuttons.nei"
                />
                <label
                  class="navds-radio__label"
                  for="radio-ro"
                >
                  <span
                    class="navds-radio__content"
                  >
                    <span
                      class="navds-body-short navds-body-short--medium"
                    >
                      radiobuttons.nei
                    </span>
                  </span>
                </label>
              </div>
              <div
                class="radioBorder navds-radio navds-radio--medium"
              >
                <input
                  class="navds-radio__input"
                  id="radio-rp"
                  name="boddEllerJobbetUtland.svar"
                  type="radio"
                  value="radiobuttons.vetIkke"
                />
                <label
                  class="navds-radio__label"
                  for="radio-rp"
                >
                  <span
                    class="navds-radio__content"
                  >
                    <span
                      class="navds-body-short navds-body-short--medium"
                    >
                      radiobuttons.vetIkke
                    </span>
                  </span>
                </label>
              </div>
            </div>
            <div
              aria-live="polite"
              aria-relevant="additions removals"
              class="navds-fieldset__error"
              id="fieldset-error-rm"
            />
          </fieldset>
        </div>
      </div>
    </fieldset>
    <fieldset
      class="sc-beySPh hBKmDL"
    >
      <h1
        class="navds-heading navds-heading--small"
      >
        omDenAvdoede.selvstendigNaeringsdrivende.tittel
      </h1>
      <p
        class="navds-body-long navds-body-long--medium"
      >
        omDenAvdoede.selvstendigNaeringsdrivende.ingress
      </p>
      <div
        class="sc-ktwOfi jNsszC"
      >
        <div
          id="selvstendigNaeringsdrivende.svar"
        >
          <fieldset
            class="navds-radio-group navds-radio-group--medium navds-fieldset navds-fieldset--medium"
          >
            <legend
              class="navds-fieldset__legend navds-label"
            >
              omDenAvdoede.selvstendigNaeringsdrivende.svar
            </legend>
            <div
              class="navds-radio-buttons"
            >
              <div
                class="radioBorder navds-radio navds-radio--medium"
              >
                <input
                  class="navds-radio__input"
                  id="radio-rs"
                  name="selvstendigNaeringsdrivende.svar"
                  type="radio"
                  value="radiobuttons.ja"
                />
                <label
                  class="navds-radio__label"
                  for="radio-rs"
                >
                  <span
                    class="navds-radio__content"
                  >
                    <span
                      class="navds-body-short navds-body-short--medium"
                    >
                      radiobuttons.ja
                    </span>
                  </span>
                </label>
              </div>
              <div
                class="radioBorder navds-radio navds-radio--medium"
              >
                <input
                  class="navds-radio__input"
                  id="radio-rt"
                  name="selvstendigNaeringsdrivende.svar"
                  type="radio"
                  value="radiobuttons.nei"
                />
                <label
                  class="navds-radio__label"
                  for="radio-rt"
                >
                  <span
                    class="navds-radio__content"
                  >
                    <span
                      class="navds-body-short navds-body-short--medium"
                    >
                      radiobuttons.nei
                    </span>
                  </span>
                </label>
              </div>
              <div
                class="radioBorder navds-radio navds-radio--medium"
              >
                <input
                  class="navds-radio__input"
                  id="radio-ru"
                  name="selvstendigNaeringsdrivende.svar"
                  type="radio"
                  value="radiobuttons.vetIkke"
                />
                <label
                  class="navds-radio__label"
                  for="radio-ru"
                >
                  <span
                    class="navds-radio__content"
                  >
                    <span
                      class="navds-body-short navds-body-short--medium"
                    >
                      radiobuttons.vetIkke
                    </span>
                  </span>
                </label>
              </div>
            </div>
            <div
              aria-live="polite"
              aria-relevant="additions removals"
              class="navds-fieldset__error"
              id="fieldset-error-rr"
            />
          </fieldset>
        </div>
      </div>
    </fieldset>
    <fieldset
      class="sc-beySPh hBKmDL"
    >
      <div
        class="sc-guDLey efPyOT undefined"
      >
        <button
          class="navds-button navds-button--secondary navds-button--medium"
          type="button"
        >
          <span
            class="navds-label"
          >
            knapp.tilbake
          </span>
        </button>
        <button
          class="navds-button navds-button--primary navds-button--medium"
          type="button"
        >
          <span
            class="navds-label"
          >
            knapp.neste
          </span>
        </button>
      </div>
    </fieldset>
    <div
      class="sc-guDLey sc-dmyCSP efPyOT gPrijY"
    >
      <button
        class="navds-button navds-button--tertiary navds-button--medium"
        id="avbryt-btn"
        type="button"
      >
        <span
          class="navds-label"
        >
          knapp.avbryt
        </span>
      </button>
    </div>
    <dialog
      class="navds-modal navds-modal--polyfilled navds-modal--autowidth"
      role="dialog"
    >
      <div
        class="navds-modal__header"
      >
        <button
          class="navds-modal__button navds-button navds-button--tertiary-neutral navds-button--small navds-button--icon-only"
          type="button"
        >
          <span
            class="navds-button__icon"
          >
            <svg
              aria-labelledby="title-r11"
              fill="none"
              focusable="false"
              height="1em"
              role="img"
              viewBox="0 0 24 24"
              width="1em"
              xmlns="http://www.w3.org/2000/svg"
            >
              <title
                id="title-r11"
              >
                Lukk modalvindu
              </title>
              <path
                d="M6.53 5.47a.75.75 0 0 0-1.06 1.06L10.94 12l-5.47 5.47a.75.75 0 1 0 1.06 1.06L12 13.06l5.47 5.47a.75.75 0 1 0 1.06-1.06L13.06 12l5.47-5.47a.75.75 0 0 0-1.06-1.06L12 10.94 6.53 5.47Z"
                fill="currentColor"
              />
            </svg>
          </span>
        </button>
        <h1
          class="navds-heading navds-heading--medium"
        >
          avbrytModal.spoersmaal
        </h1>
      </div>
      <div
        class="navds-modal__body"
      >
        <p
          class="mute avbryt-text navds-body-short navds-body-short--medium"
        >
          avbrytModal.informasjon
        </p>
      </div>
      <div
        class="navds-modal__footer"
      >
        <div
          class="sc-jsEeTM buOcVS"
        >
          <button
            class="navds-button navds-button--secondary navds-button--medium"
            id="avbryt-nei-btn"
            style="margin: 10px;"
            type="button"
          >
            <span
              class="navds-label"
            >
              avbrytModal.svarNei
            </span>
          </button>
          <button
            class="navds-button navds-button--primary navds-button--medium"
            id="avbryt-ja-btn"
            style="margin: 10px;"
            type="button"
          >
            <span
              class="navds-label"
            >
              avbrytModal.svarJa
            </span>
          </button>
        </div>
        <div
          class="sc-jsEeTM buOcVS"
        >
          <button
            class="navds-button navds-button--tertiary navds-button--medium"
            id="slett-soeknad"
            style="color: rgb(198, 93, 78);"
            type="button"
          >
            <span
              class="navds-label"
            >
              avbrytModal.svarSlett
            </span>
          </button>
        </div>
      </div>
    </dialog>
  </form>
</div>
`;
